*** Using Compiler 'V5.06 update 7 (build 960)', folder: 'D:\K5\ARM\ARMCC\Bin'
Rebuild target 'storage_disc'
assembling startup_stm32f103xe.s...
compiling gpio.c...
compiling stm32f1xx_it.c...
compiling stm32f1xx_hal_gpio_ex.c...
compiling tim.c...
compiling stm32f1xx_hal_msp.c...
compiling storage_disc.c...
compiling main.c...
compiling system_stm32f1xx.c...
compiling stm32f1xx_hal_pwr.c...
compiling stm32f1xx_hal_rcc_ex.c...
compiling usart.c...
compiling stm32f1xx_hal_gpio.c...
compiling stm32f1xx_hal_dma.c...
compiling stm32f1xx_hal_cortex.c...
compiling stm32f1xx_hal_exti.c...
compiling stm32f1xx_hal.c...
compiling stm32f1xx_hal_flash_ex.c...
compiling stm32f1xx_hal_flash.c...
compiling stm32f1xx_hal_rcc.c...
compiling stm32f1xx_hal_tim_ex.c...
compiling stm32f1xx_hal_uart.c...
compiling stm32f1xx_hal_tim.c...
linking...
Program Size: Code=12306 RO-data=658 RW-data=28 ZI-data=1844  
FromELF: creating hex file...
"storage_disc\storage_disc.axf" - 0 Error(s), 0 Warning(s).
Build Time Elapsed:  00:00:03
